This is pdfTeX, Version 3.141592653-2.6-1.40.28 (MiKTeX 25.12) (preloaded format=pdflatex 2026.9.13)  15 SEP 2026 20:58
entering extended mode
 restricted \write18 enabled.
 %&-line parsing enabled.
**./document.tex
(document.tex
LaTeX2e <2025-11-01>
L3 programming layer <2025-12-24>

(C:\Users\AsiaLapTop.Com\AppData\Local\Programs\MiKTeX\tex/latex/base\report.cl
s
Document Class: report 2025/01/22 v1.4n Standard LaTeX document class

(C:\Users\AsiaLapTop.Com\AppData\Local\Programs\MiKTeX\tex/latex/base\size12.cl
o
File: size12.clo 2025/01/22 v1.4n Standard LaTeX file (size option)
)
\c@part=\count275
\c@chapter=\count276
\c@section=\count277
\c@subsection=\count278
\c@subsubsection=\count279
\c@paragraph=\count280
\c@subparagraph=\count281
\c@figure=\count282
\c@table=\count283
\abovecaptionskip=\skip49
\belowcaptionskip=\skip50
\bibindent=\dimen148
)
(C:\Users\AsiaLapTop.Com\AppData\Local\Programs\MiKTeX\tex/latex/geometry\geome
try.sty
Package: geometry 2026/03/07 v6.0 Page Geometry

(C:\Users\AsiaLapTop.Com\AppData\Local\Programs\MiKTeX\tex/latex/graphics\keyva
l.sty
Package: keyval 2022/05/29 v1.15 key=value parser (DPC)
\KV@toks@=\toks17
)
(C:\Users\AsiaLapTop.Com\AppData\Local\Programs\MiKTeX\tex/generic/iftex\ifvtex
.sty
Package: ifvtex 2019/10/25 v1.7 ifvtex legacy package. Use iftex instead.

(C:\Users\AsiaLapTop.Com\AppData\Local\Programs\MiKTeX\tex/generic/iftex\iftex.
sty
Package: iftex 2024/12/12 v1.0g TeX engine tests
))
\Gm@cnth=\count284
\Gm@cntv=\count285
\c@Gm@tempcnt=\count286
\Gm@bindingoffset=\dimen149
\Gm@wd@mp=\dimen150
\Gm@odd@mp=\dimen151
\Gm@even@mp=\dimen152
\Gm@layoutwidth=\dimen153
\Gm@layoutheight=\dimen154
\Gm@layouthoffset=\dimen155
\Gm@layoutvoffset=\dimen156
\Gm@dimlist=\toks18

(C:\Users\AsiaLapTop.Com\AppData\Local\Programs\MiKTeX\tex/latex/geometry\geome
try.cfg))
(C:\Users\AsiaLapTop.Com\AppData\Local\Programs\MiKTeX\tex/latex/placeins\place
ins.sty
Package: placeins 2005/04/18  v 2.2
)
(C:\Users\AsiaLapTop.Com\AppData\Local\Programs\MiKTeX\tex/latex/setspace\setsp
ace.sty
Package: setspace 2022/12/04 v6.7b set line spacing
)
(C:\Users\AsiaLapTop.Com\AppData\Local\Programs\MiKTeX\tex/latex/titlesec\title
sec.sty
Package: titlesec 2025/01/04 v2.17 Sectioning titles
\ttl@box=\box53
\beforetitleunit=\skip51
\aftertitleunit=\skip52
\ttl@plus=\dimen157
\ttl@minus=\dimen158
\ttl@toksa=\toks19
\titlewidth=\dimen159
\titlewidthlast=\dimen160
\titlewidthfirst=\dimen161
)
(C:\Users\AsiaLapTop.Com\AppData\Local\Programs\MiKTeX\tex/latex/graphics\graph
icx.sty
Package: graphicx 2024/12/31 v1.2e Enhanced LaTeX Graphics (DPC,SPQR)

(C:\Users\AsiaLapTop.Com\AppData\Local\Programs\MiKTeX\tex/latex/graphics\graph
ics.sty
Package: graphics 2024/08/06 v1.4g Standard LaTeX Graphics (DPC,SPQR)

(C:\Users\AsiaLapTop.Com\AppData\Local\Programs\MiKTeX\tex/latex/graphics\trig.
sty
Package: trig 2023/12/02 v1.11 sin cos tan (DPC)
)
(C:\Users\AsiaLapTop.Com\AppData\Local\Programs\MiKTeX\tex/latex/graphics-cfg\g
raphics.cfg
File: graphics.cfg 2016/06/04 v1.11 sample graphics configuration
)
Package graphics Info: Driver file: pdftex.def on input line 106.

(C:\Users\AsiaLapTop.Com\AppData\Local\Programs\MiKTeX\tex/latex/graphics-def\p
dftex.def
File: pdftex.def 2025/09/29 v1.2d Graphics/color driver for pdftex
))
\Gin@req@height=\dimen162
\Gin@req@width=\dimen163
)
(C:\Users\AsiaLapTop.Com\AppData\Local\Programs\MiKTeX\tex/latex/amsmath\amsmat
h.sty
Package: amsmath 2025/07/09 v2.17z AMS math features
\@mathmargin=\skip53

For additional information on amsmath, use the `?' option.

(C:\Users\AsiaLapTop.Com\AppData\Local\Programs\MiKTeX\tex/latex/amsmath\amstex
t.sty
Package: amstext 2024/11/17 v2.01 AMS text

(C:\Users\AsiaLapTop.Com\AppData\Local\Programs\MiKTeX\tex/latex/amsmath\amsgen
.sty
File: amsgen.sty 1999/11/30 v2.0 generic functions
\@emptytoks=\toks20
\ex@=\dimen164
))
(C:\Users\AsiaLapTop.Com\AppData\Local\Programs\MiKTeX\tex/latex/amsmath\amsbsy
.sty
Package: amsbsy 1999/11/29 v1.2d Bold Symbols
\pmbraise@=\dimen165
)
(C:\Users\AsiaLapTop.Com\AppData\Local\Programs\MiKTeX\tex/latex/amsmath\amsopn
.sty
Package: amsopn 2022/04/08 v2.04 operator names
)
\inf@bad=\count287
LaTeX Info: Redefining \frac on input line 233.
\uproot@=\count288
\leftroot@=\count289
LaTeX Info: Redefining \overline on input line 398.
LaTeX Info: Redefining \colon on input line 409.
\classnum@=\count290
\DOTSCASE@=\count291
LaTeX Info: Redefining \ldots on input line 495.
LaTeX Info: Redefining \dots on input line 498.
LaTeX Info: Redefining \cdots on input line 619.
\Mathstrutbox@=\box54
\strutbox@=\box55
LaTeX Info: Redefining \big on input line 721.
LaTeX Info: Redefining \Big on input line 722.
LaTeX Info: Redefining \bigg on input line 723.
LaTeX Info: Redefining \Bigg on input line 724.
\big@size=\dimen166
LaTeX Font Info:    Redeclaring font encoding OML on input line 742.
LaTeX Font Info:    Redeclaring font encoding OMS on input line 743.
\macc@depth=\count292
LaTeX Info: Redefining \bmod on input line 904.
LaTeX Info: Redefining \pmod on input line 909.
LaTeX Info: Redefining \smash on input line 939.
LaTeX Info: Redefining \relbar on input line 969.
LaTeX Info: Redefining \Relbar on input line 970.
\c@MaxMatrixCols=\count293
\dotsspace@=\muskip17
\c@parentequation=\count294
\dspbrk@lvl=\count295
\tag@help=\toks21
\row@=\count296
\column@=\count297
\maxfields@=\count298
\andhelp@=\toks22
\eqnshift@=\dimen167
\alignsep@=\dimen168
\tagshift@=\dimen169
\tagwidth@=\dimen170
\totwidth@=\dimen171
\lineht@=\dimen172
\@envbody=\toks23
\multlinegap=\skip54
\multlinetaggap=\skip55
\mathdisplay@stack=\toks24
LaTeX Info: Redefining \[ on input line 2950.
LaTeX Info: Redefining \] on input line 2951.
)
(C:\Users\AsiaLapTop.Com\AppData\Local\Programs\MiKTeX\tex/latex/float\float.st
y
Package: float 2001/11/08 v1.3d Float enhancements (AL)
\c@float@type=\count299
\float@exts=\toks25
\float@box=\box56
\@float@everytoks=\toks26
\@floatcapt=\box57
)
(C:\Users\AsiaLapTop.Com\AppData\Local\Programs\MiKTeX\tex/latex/xcolor\xcolor.
sty
Package: xcolor 2024/09/29 v3.02 LaTeX color extensions (UK)

(C:\Users\AsiaLapTop.Com\AppData\Local\Programs\MiKTeX\tex/latex/graphics-cfg\c
olor.cfg
File: color.cfg 2016/01/02 v1.6 sample color configuration
)
Package xcolor Info: Driver file: pdftex.def on input line 274.

(C:\Users\AsiaLapTop.Com\AppData\Local\Programs\MiKTeX\tex/latex/graphics\mathc
olor.ltx)
Package xcolor Info: Model `cmy' substituted by `cmy0' on input line 1349.
Package xcolor Info: Model `hsb' substituted by `rgb' on input line 1353.
Package xcolor Info: Model `RGB' extended on input line 1365.
Package xcolor Info: Model `HTML' substituted by `rgb' on input line 1367.
Package xcolor Info: Model `Hsb' substituted by `hsb' on input line 1368.
Package xcolor Info: Model `tHsb' substituted by `hsb' on input line 1369.
Package xcolor Info: Model `HSB' substituted by `hsb' on input line 1370.
Package xcolor Info: Model `Gray' substituted by `gray' on input line 1371.
Package xcolor Info: Model `wave' substituted by `hsb' on input line 1372.
)
(C:\Users\AsiaLapTop.Com\AppData\Local\Programs\MiKTeX\tex/latex/draftfigure\dr
aftfigure.sty
Package: draftfigure 2017/07/19 v0.2 draftfigure (LCB)

(C:\Users\AsiaLapTop.Com\AppData\Local\Programs\MiKTeX\tex/latex/etoolbox\etool
box.sty
Package: etoolbox 2025/10/02 v2.5m e-TeX tools for LaTeX (JAW)
\etb@tempcnta=\count300
)
(C:\Users\AsiaLapTop.Com\AppData\Local\Programs\MiKTeX\tex/latex/xkeyval\xkeyva
l.sty
Package: xkeyval 2022/06/16 v2.9 package option processing (HA)

(C:\Users\AsiaLapTop.Com\AppData\Local\Programs\MiKTeX\tex/generic/xkeyval\xkey
val.tex
(C:\Users\AsiaLapTop.Com\AppData\Local\Programs\MiKTeX\tex/generic/xkeyval\xkvu
tils.tex
\XKV@toks=\toks27
\XKV@tempa@toks=\toks28
)
\XKV@depth=\count301
File: xkeyval.tex 2014/12/03 v2.7a key=value parser (HA)
))
(C:\Users\AsiaLapTop.Com\AppData\Local\Programs\MiKTeX\tex/latex/tools\calc.sty
Package: calc 2025/03/01 v4.3b Infix arithmetic (KKT,FJ)
\calc@Acount=\count302
\calc@Bcount=\count303
\calc@Adimen=\dimen173
\calc@Bdimen=\dimen174
\calc@Askip=\skip56
\calc@Bskip=\skip57
LaTeX Info: Redefining \setlength on input line 86.
LaTeX Info: Redefining \addtolength on input line 87.
\calc@Ccount=\count304
\calc@Cskip=\skip58
)
\df@height=\skip59
\df@length=\skip60
)
(C:\Users\AsiaLapTop.Com\AppData\Local\Programs\MiKTeX\tex/latex/base\inputenc.
sty
Package: inputenc 2024/02/08 v1.3d Input encoding file
\inpenc@prehook=\toks29
\inpenc@posthook=\toks30
)
(C:\Users\AsiaLapTop.Com\AppData\Local\Programs\MiKTeX\tex/latex/base\textcomp.
sty
Package: textcomp 2024/04/24 v2.1b Standard LaTeX package
)
(C:\Users\AsiaLapTop.Com\AppData\Local\Programs\MiKTeX\tex/latex/textgreek\text
greek.sty
Package: textgreek 2011/10/09 v0.7 Greek symbols in text
Package textgreek Info: Loading the definitions for the Greek fontencoding. on 
input line 39.

(C:\Users\AsiaLapTop.Com\AppData\Local\Programs\MiKTeX\tex/latex/greek-fontenc\
lgrenc.def
File: lgrenc.def 2023-09-12 2.5 LGR Greek font encoding definitions
Now handling font encoding LGR ...
... processing UTF-8 mapping file for font encoding LGR

(C:\Users\AsiaLapTop.Com\AppData\Local\Programs\MiKTeX\tex/latex/greek-inputenc
\lgrenc.dfu
File: lgrenc.dfu 2023-03-21 1.9 UTF-8 support for Greek
   defining Unicode char U+00A8 (decimal 168)
   defining Unicode char U+00AB (decimal 171)
   defining Unicode char U+00AF (decimal 175)
   defining Unicode char U+00B4 (decimal 180)
   defining Unicode char U+00B7 (decimal 183)
   defining Unicode char U+00BB (decimal 187)
   defining Unicode char U+0259 (decimal 601)
   defining Unicode char U+02D8 (decimal 728)
   defining Unicode char U+0374 (decimal 884)
   defining Unicode char U+0375 (decimal 885)
   defining Unicode char U+037A (decimal 890)
   defining Unicode char U+037E (decimal 894)
   defining Unicode char U+0384 (decimal 900)
   defining Unicode char U+0385 (decimal 901)
   defining Unicode char U+0386 (decimal 902)
   defining Unicode char U+0387 (decimal 903)
   defining Unicode char U+0388 (decimal 904)
   defining Unicode char U+0389 (decimal 905)
   defining Unicode char U+038A (decimal 906)
   defining Unicode char U+038C (decimal 908)
   defining Unicode char U+038E (decimal 910)
   defining Unicode char U+038F (decimal 911)
   defining Unicode char U+0390 (decimal 912)
   defining Unicode char U+0391 (decimal 913)
   defining Unicode char U+0392 (decimal 914)
   defining Unicode char U+0393 (decimal 915)
   defining Unicode char U+0394 (decimal 916)
   defining Unicode char U+0395 (decimal 917)
   defining Unicode char U+0396 (decimal 918)
   defining Unicode char U+0397 (decimal 919)
   defining Unicode char U+0398 (decimal 920)
   defining Unicode char U+0399 (decimal 921)
   defining Unicode char U+039A (decimal 922)
   defining Unicode char U+039B (decimal 923)
   defining Unicode char U+039C (decimal 924)
   defining Unicode char U+039D (decimal 925)
   defining Unicode char U+039E (decimal 926)
   defining Unicode char U+039F (decimal 927)
   defining Unicode char U+03A0 (decimal 928)
   defining Unicode char U+03A1 (decimal 929)
   defining Unicode char U+03A3 (decimal 931)
   defining Unicode char U+03A4 (decimal 932)
   defining Unicode char U+03A5 (decimal 933)
   defining Unicode char U+03A6 (decimal 934)
   defining Unicode char U+03A7 (decimal 935)
   defining Unicode char U+03A8 (decimal 936)
   defining Unicode char U+03A9 (decimal 937)
   defining Unicode char U+03AA (decimal 938)
   defining Unicode char U+03AB (decimal 939)
   defining Unicode char U+03AC (decimal 940)
   defining Unicode char U+03AD (decimal 941)
   defining Unicode char U+03AE (decimal 942)
   defining Unicode char U+03AF (decimal 943)
   defining Unicode char U+03B0 (decimal 944)
   defining Unicode char U+03B1 (decimal 945)
   defining Unicode char U+03B2 (decimal 946)
   defining Unicode char U+03B3 (decimal 947)
   defining Unicode char U+03B4 (decimal 948)
   defining Unicode char U+03B5 (decimal 949)
   defining Unicode char U+03B6 (decimal 950)
   defining Unicode char U+03B7 (decimal 951)
   defining Unicode char U+03B8 (decimal 952)
   defining Unicode char U+03B9 (decimal 953)
   defining Unicode char U+03BA (decimal 954)
   defining Unicode char U+03BB (decimal 955)
   defining Unicode char U+03BC (decimal 956)
   defining Unicode char U+03BD (decimal 957)
   defining Unicode char U+03BE (decimal 958)
   defining Unicode char U+03BF (decimal 959)
   defining Unicode char U+03C0 (decimal 960)
   defining Unicode char U+03C1 (decimal 961)
   defining Unicode char U+03C2 (decimal 962)
   defining Unicode char U+03C3 (decimal 963)
   defining Unicode char U+03C4 (decimal 964)
   defining Unicode char U+03C5 (decimal 965)
   defining Unicode char U+03C6 (decimal 966)
   defining Unicode char U+03C7 (decimal 967)
   defining Unicode char U+03C8 (decimal 968)
   defining Unicode char U+03C9 (decimal 969)
   defining Unicode char U+03CA (decimal 970)
   defining Unicode char U+03CB (decimal 971)
   defining Unicode char U+03CC (decimal 972)
   defining Unicode char U+03CD (decimal 973)
   defining Unicode char U+03CE (decimal 974)
   defining Unicode char U+03D0 (decimal 976)
   defining Unicode char U+03D1 (decimal 977)
   defining Unicode char U+03D5 (decimal 981)
   defining Unicode char U+03D6 (decimal 982)
   defining Unicode char U+03D8 (decimal 984)
   defining Unicode char U+03D9 (decimal 985)
   defining Unicode char U+03DA (decimal 986)
   defining Unicode char U+03DB (decimal 987)
   defining Unicode char U+03DC (decimal 988)
   defining Unicode char U+03DD (decimal 989)
   defining Unicode char U+03DE (decimal 990)
   defining Unicode char U+03DF (decimal 991)
   defining Unicode char U+03E0 (decimal 992)
   defining Unicode char U+03E1 (decimal 993)
   defining Unicode char U+03F0 (decimal 1008)
   defining Unicode char U+03F1 (decimal 1009)
   defining Unicode char U+03F4 (decimal 1012)
   defining Unicode char U+03F5 (decimal 1013)
   defining Unicode char U+1F00 (decimal 7936)
   defining Unicode char U+1F01 (decimal 7937)
   defining Unicode char U+1F02 (decimal 7938)
   defining Unicode char U+1F03 (decimal 7939)
   defining Unicode char U+1F04 (decimal 7940)
   defining Unicode char U+1F05 (decimal 7941)
   defining Unicode char U+1F06 (decimal 7942)
   defining Unicode char U+1F07 (decimal 7943)
   defining Unicode char U+1F08 (decimal 7944)
   defining Unicode char U+1F09 (decimal 7945)
   defining Unicode char U+1F0A (decimal 7946)
   defining Unicode char U+1F0B (decimal 7947)
   defining Unicode char U+1F0C (decimal 7948)
   defining Unicode char U+1F0D (decimal 7949)
   defining Unicode char U+1F0E (decimal 7950)
   defining Unicode char U+1F0F (decimal 7951)
   defining Unicode char U+1F10 (decimal 7952)
   defining Unicode char U+1F11 (decimal 7953)
   defining Unicode char U+1F12 (decimal 7954)
   defining Unicode char U+1F13 (decimal 7955)
   defining Unicode char U+1F14 (decimal 7956)
   defining Unicode char U+1F15 (decimal 7957)
   defining Unicode char U+1F18 (decimal 7960)
   defining Unicode char U+1F19 (decimal 7961)
   defining Unicode char U+1F1A (decimal 7962)
   defining Unicode char U+1F1B (decimal 7963)
   defining Unicode char U+1F1C (decimal 7964)
   defining Unicode char U+1F1D (decimal 7965)
   defining Unicode char U+1F20 (decimal 7968)
   defining Unicode char U+1F21 (decimal 7969)
   defining Unicode char U+1F22 (decimal 7970)
   defining Unicode char U+1F23 (decimal 7971)
   defining Unicode char U+1F24 (decimal 7972)
   defining Unicode char U+1F25 (decimal 7973)
   defining Unicode char U+1F26 (decimal 7974)
   defining Unicode char U+1F27 (decimal 7975)
   defining Unicode char U+1F28 (decimal 7976)
   defining Unicode char U+1F29 (decimal 7977)
   defining Unicode char U+1F2A (decimal 7978)
   defining Unicode char U+1F2B (decimal 7979)
   defining Unicode char U+1F2C (decimal 7980)
   defining Unicode char U+1F2D (decimal 7981)
   defining Unicode char U+1F2E (decimal 7982)
   defining Unicode char U+1F2F (decimal 7983)
   defining Unicode char U+1F30 (decimal 7984)
   defining Unicode char U+1F31 (decimal 7985)
   defining Unicode char U+1F32 (decimal 7986)
   defining Unicode char U+1F33 (decimal 7987)
   defining Unicode char U+1F34 (decimal 7988)
   defining Unicode char U+1F35 (decimal 7989)
   defining Unicode char U+1F36 (decimal 7990)
   defining Unicode char U+1F37 (decimal 7991)
   defining Unicode char U+1F38 (decimal 7992)
   defining Unicode char U+1F39 (decimal 7993)
   defining Unicode char U+1F3A (decimal 7994)
   defining Unicode char U+1F3B (decimal 7995)
   defining Unicode char U+1F3C (decimal 7996)
   defining Unicode char U+1F3D (decimal 7997)
   defining Unicode char U+1F3E (decimal 7998)
   defining Unicode char U+1F3F (decimal 7999)
   defining Unicode char U+1F40 (decimal 8000)
   defining Unicode char U+1F41 (decimal 8001)
   defining Unicode char U+1F42 (decimal 8002)
   defining Unicode char U+1F43 (decimal 8003)
   defining Unicode char U+1F44 (decimal 8004)
   defining Unicode char U+1F45 (decimal 8005)
   defining Unicode char U+1F48 (decimal 8008)
   defining Unicode char U+1F49 (decimal 8009)
   defining Unicode char U+1F4A (decimal 8010)
   defining Unicode char U+1F4B (decimal 8011)
   defining Unicode char U+1F4C (decimal 8012)
   defining Unicode char U+1F4D (decimal 8013)
   defining Unicode char U+1F50 (decimal 8016)
   defining Unicode char U+1F51 (decimal 8017)
   defining Unicode char U+1F52 (decimal 8018)
   defining Unicode char U+1F53 (decimal 8019)
   defining Unicode char U+1F54 (decimal 8020)
   defining Unicode char U+1F55 (decimal 8021)
   defining Unicode char U+1F56 (decimal 8022)
   defining Unicode char U+1F57 (decimal 8023)
   defining Unicode char U+1F59 (decimal 8025)
   defining Unicode char U+1F5B (decimal 8027)
   defining Unicode char U+1F5D (decimal 8029)
   defining Unicode char U+1F5F (decimal 8031)
   defining Unicode char U+1F60 (decimal 8032)
   defining Unicode char U+1F61 (decimal 8033)
   defining Unicode char U+1F62 (decimal 8034)
   defining Unicode char U+1F63 (decimal 8035)
   defining Unicode char U+1F64 (decimal 8036)
   defining Unicode char U+1F65 (decimal 8037)
   defining Unicode char U+1F66 (decimal 8038)
   defining Unicode char U+1F67 (decimal 8039)
   defining Unicode char U+1F68 (decimal 8040)
   defining Unicode char U+1F69 (decimal 8041)
   defining Unicode char U+1F6A (decimal 8042)
   defining Unicode char U+1F6B (decimal 8043)
   defining Unicode char U+1F6C (decimal 8044)
   defining Unicode char U+1F6D (decimal 8045)
   defining Unicode char U+1F6E (decimal 8046)
   defining Unicode char U+1F6F (decimal 8047)
   defining Unicode char U+1F70 (decimal 8048)
   defining Unicode char U+1F71 (decimal 8049)
   defining Unicode char U+1F72 (decimal 8050)
   defining Unicode char U+1F73 (decimal 8051)
   defining Unicode char U+1F74 (decimal 8052)
   defining Unicode char U+1F75 (decimal 8053)
   defining Unicode char U+1F76 (decimal 8054)
   defining Unicode char U+1F77 (decimal 8055)
   defining Unicode char U+1F78 (decimal 8056)
   defining Unicode char U+1F79 (decimal 8057)
   defining Unicode char U+1F7A (decimal 8058)
   defining Unicode char U+1F7B (decimal 8059)
   defining Unicode char U+1F7C (decimal 8060)
   defining Unicode char U+1F7D (decimal 8061)
   defining Unicode char U+1F80 (decimal 8064)
   defining Unicode char U+1F81 (decimal 8065)
   defining Unicode char U+1F82 (decimal 8066)
   defining Unicode char U+1F83 (decimal 8067)
   defining Unicode char U+1F84 (decimal 8068)
   defining Unicode char U+1F85 (decimal 8069)
   defining Unicode char U+1F86 (decimal 8070)
   defining Unicode char U+1F87 (decimal 8071)
   defining Unicode char U+1F88 (decimal 8072)
   defining Unicode char U+1F89 (decimal 8073)
   defining Unicode char U+1F8A (decimal 8074)
   defining Unicode char U+1F8B (decimal 8075)
   defining Unicode char U+1F8C (decimal 8076)
   defining Unicode char U+1F8D (decimal 8077)
   defining Unicode char U+1F8E (decimal 8078)
   defining Unicode char U+1F8F (decimal 8079)
   defining Unicode char U+1F90 (decimal 8080)
   defining Unicode char U+1F91 (decimal 8081)
   defining Unicode char U+1F92 (decimal 8082)
   defining Unicode char U+1F93 (decimal 8083)
   defining Unicode char U+1F94 (decimal 8084)
   defining Unicode char U+1F95 (decimal 8085)
   defining Unicode char U+1F96 (decimal 8086)
   defining Unicode char U+1F97 (decimal 8087)
   defining Unicode char U+1F98 (decimal 8088)
   defining Unicode char U+1F99 (decimal 8089)
   defining Unicode char U+1F9A (decimal 8090)
   defining Unicode char U+1F9B (decimal 8091)
   defining Unicode char U+1F9C (decimal 8092)
   defining Unicode char U+1F9D (decimal 8093)
   defining Unicode char U+1F9E (decimal 8094)
   defining Unicode char U+1F9F (decimal 8095)
   defining Unicode char U+1FA0 (decimal 8096)
   defining Unicode char U+1FA1 (decimal 8097)
   defining Unicode char U+1FA2 (decimal 8098)
   defining Unicode char U+1FA3 (decimal 8099)
   defining Unicode char U+1FA4 (decimal 8100)
   defining Unicode char U+1FA5 (decimal 8101)
   defining Unicode char U+1FA6 (decimal 8102)
   defining Unicode char U+1FA7 (decimal 8103)
   defining Unicode char U+1FA8 (decimal 8104)
   defining Unicode char U+1FA9 (decimal 8105)
   defining Unicode char U+1FAA (decimal 8106)
   defining Unicode char U+1FAB (decimal 8107)
   defining Unicode char U+1FAC (decimal 8108)
   defining Unicode char U+1FAD (decimal 8109)
   defining Unicode char U+1FAE (decimal 8110)
   defining Unicode char U+1FAF (decimal 8111)
   defining Unicode char U+1FB0 (decimal 8112)
   defining Unicode char U+1FB1 (decimal 8113)
   defining Unicode char U+1FB2 (decimal 8114)
   defining Unicode char U+1FB3 (decimal 8115)
   defining Unicode char U+1FB4 (decimal 8116)
   defining Unicode char U+1FB6 (decimal 8118)
   defining Unicode char U+1FB7 (decimal 8119)
   defining Unicode char U+1FB8 (decimal 8120)
   defining Unicode char U+1FB9 (decimal 8121)
   defining Unicode char U+1FBA (decimal 8122)
   defining Unicode char U+1FBB (decimal 8123)
   defining Unicode char U+1FBC (decimal 8124)
   defining Unicode char U+1FBD (decimal 8125)
   defining Unicode char U+1FBE (decimal 8126)
   defining Unicode char U+1FBF (decimal 8127)
   defining Unicode char U+1FC0 (decimal 8128)
   defining Unicode char U+1FC1 (decimal 8129)
   defining Unicode char U+1FC2 (decimal 8130)
   defining Unicode char U+1FC3 (decimal 8131)
   defining Unicode char U+1FC4 (decimal 8132)
   defining Unicode char U+1FC6 (decimal 8134)
   defining Unicode char U+1FC7 (decimal 8135)
   defining Unicode char U+1FC8 (decimal 8136)
   defining Unicode char U+1FC9 (decimal 8137)
   defining Unicode char U+1FCA (decimal 8138)
   defining Unicode char U+1FCB (decimal 8139)
   defining Unicode char U+1FCC (decimal 8140)
   defining Unicode char U+1FCD (decimal 8141)
   defining Unicode char U+1FCE (decimal 8142)
   defining Unicode char U+1FCF (decimal 8143)
   defining Unicode char U+1FD0 (decimal 8144)
   defining Unicode char U+1FD1 (decimal 8145)
   defining Unicode char U+1FD2 (decimal 8146)
   defining Unicode char U+1FD3 (decimal 8147)
   defining Unicode char U+1FD6 (decimal 8150)
   defining Unicode char U+1FD7 (decimal 8151)
   defining Unicode char U+1FD8 (decimal 8152)
   defining Unicode char U+1FD9 (decimal 8153)
   defining Unicode char U+1FDA (decimal 8154)
   defining Unicode char U+1FDB (decimal 8155)
   defining Unicode char U+1FDD (decimal 8157)
   defining Unicode char U+1FDE (decimal 8158)
   defining Unicode char U+1FDF (decimal 8159)
   defining Unicode char U+1FE0 (decimal 8160)
   defining Unicode char U+1FE1 (decimal 8161)
   defining Unicode char U+1FE2 (decimal 8162)
   defining Unicode char U+1FE3 (decimal 8163)
   defining Unicode char U+1FE4 (decimal 8164)
   defining Unicode char U+1FE5 (decimal 8165)
   defining Unicode char U+1FE6 (decimal 8166)
   defining Unicode char U+1FE7 (decimal 8167)
   defining Unicode char U+1FE8 (decimal 8168)
   defining Unicode char U+1FE9 (decimal 8169)
   defining Unicode char U+1FEA (decimal 8170)
   defining Unicode char U+1FEB (decimal 8171)
   defining Unicode char U+1FEC (decimal 8172)
   defining Unicode char U+1FED (decimal 8173)
   defining Unicode char U+1FEE (decimal 8174)
   defining Unicode char U+1FEF (decimal 8175)
   defining Unicode char U+1FF2 (decimal 8178)
   defining Unicode char U+1FF3 (decimal 8179)
   defining Unicode char U+1FF4 (decimal 8180)
   defining Unicode char U+1FF6 (decimal 8182)
   defining Unicode char U+1FF7 (decimal 8183)
   defining Unicode char U+1FF8 (decimal 8184)
   defining Unicode char U+1FF9 (decimal 8185)
   defining Unicode char U+1FFA (decimal 8186)
   defining Unicode char U+1FFB (decimal 8187)
   defining Unicode char U+1FFC (decimal 8188)
   defining Unicode char U+1FFD (decimal 8189)
   defining Unicode char U+1FFE (decimal 8190)
   defining Unicode char U+2013 (decimal 8211)
   defining Unicode char U+2014 (decimal 8212)
   defining Unicode char U+2018 (decimal 8216)
   defining Unicode char U+2019 (decimal 8217)
   defining Unicode char U+201A (decimal 8218)
   defining Unicode char U+2030 (decimal 8240)
   defining Unicode char U+2039 (decimal 8249)
   defining Unicode char U+203A (decimal 8250)
   defining Unicode char U+20AC (decimal 8364)
   defining Unicode char U+2126 (decimal 8486)
   defining Unicode char U+10144 (decimal 65860)
   defining Unicode char U+10145 (decimal 65861)
   defining Unicode char U+10146 (decimal 65862)
   defining Unicode char U+10147 (decimal 65863)
)
(C:\Users\AsiaLapTop.Com\AppData\Local\Programs\MiKTeX\tex/latex/greek-fontenc\
greek-fontenc.def
File: greek-fontenc.def 2023-09-12 2.5 Common Greek font encoding definitions
LaTeX Encoding Info:    Ignoring declaration for text command \accACUTE (encodi
ng LGR) on input line 251.
LaTeX Encoding Info:    Ignoring declaration for text command \accGRAVE (encodi
ng LGR) on input line 259.
LaTeX Encoding Info:    Ignoring declaration for text command \accTILDE (encodi
ng LGR) on input line 267.
))
Package textgreek Info: Loaded fontmap: {eur/*/*}{U/eur/*/*} {phv/*/*}{U/psy/*/
*}. on input line 69.
)
(C:\Users\AsiaLapTop.Com\AppData\Local\Programs\MiKTeX\tex/latex/caption\captio
n.sty
Package: caption 2023/08/05 v3.6o Customizing captions (AR)

(C:\Users\AsiaLapTop.Com\AppData\Local\Programs\MiKTeX\tex/latex/caption\captio
n3.sty
Package: caption3 2023/07/31 v2.4d caption3 kernel (AR)
\caption@tempdima=\dimen175
\captionmargin=\dimen176
\caption@leftmargin=\dimen177
\caption@rightmargin=\dimen178
\caption@width=\dimen179
\caption@indent=\dimen180
\caption@parindent=\dimen181
\caption@hangindent=\dimen182
Package caption Info: Standard document class detected.
)
\c@caption@flags=\count305
\c@continuedfloat=\count306
Package caption Info: float package is loaded.
)
(C:\Users\AsiaLapTop.Com\AppData\Local\Programs\MiKTeX\tex/latex/caption\subcap
tion.sty
Package: subcaption 2023/07/28 v1.6b Sub-captions (AR)
Package caption Info: New subtype `subfigure' on input line 238.
\c@subfigure=\count307
Package caption Info: New subtype `subtable' on input line 238.
\c@subtable=\count308
)
(C:\Users\AsiaLapTop.Com\AppData\Local\Programs\MiKTeX\tex/latex/colortbl\color
tbl.sty
Package: colortbl 2026/05/01 v1.0l Color table columns (DPC)

(C:\Users\AsiaLapTop.Com\AppData\Local\Programs\MiKTeX\tex/latex/tools\array.st
y
Package: array 2025/09/25 v2.6n Tabular extension package (FMi)
\col@sep=\dimen183
\ar@mcellbox=\box58
\extrarowheight=\dimen184
\NC@list=\toks31
\extratabsurround=\skip61
\backup@length=\skip62
\ar@cellbox=\box59
)
\everycr=\toks32
\minrowclearance=\skip63
\rownum=\count309
)
(C:\Users\AsiaLapTop.Com\AppData\Local\Programs\MiKTeX\tex/latex/hyperref\hyper
ref.sty
Package: hyperref 2025-07-12 v7.01o Hypertext links for LaTeX

(C:\Users\AsiaLapTop.Com\AppData\Local\Programs\MiKTeX\tex/latex/kvsetkeys\kvse
tkeys.sty
Package: kvsetkeys 2022-10-05 v1.19 Key value parser (HO)
)
(C:\Users\AsiaLapTop.Com\AppData\Local\Programs\MiKTeX\tex/generic/kvdefinekeys
\kvdefinekeys.sty
Package: kvdefinekeys 2019-12-19 v1.6 Define keys (HO)
)
(C:\Users\AsiaLapTop.Com\AppData\Local\Programs\MiKTeX\tex/generic/pdfescape\pd
fescape.sty
Package: pdfescape 2019/12/09 v1.15 Implements pdfTeX's escape features (HO)

(C:\Users\AsiaLapTop.Com\AppData\Local\Programs\MiKTeX\tex/generic/ltxcmds\ltxc
mds.sty
Package: ltxcmds 2023-12-04 v1.26 LaTeX kernel commands for general use (HO)
)
(C:\Users\AsiaLapTop.Com\AppData\Local\Programs\MiKTeX\tex/generic/pdftexcmds\p
dftexcmds.sty
Package: pdftexcmds 2020-06-27 v0.33 Utility functions of pdfTeX for LuaTeX (HO
)

(C:\Users\AsiaLapTop.Com\AppData\Local\Programs\MiKTeX\tex/generic/infwarerr\in
fwarerr.sty
Package: infwarerr 2019/12/03 v1.5 Providing info/warning/error messages (HO)
)
Package pdftexcmds Info: \pdf@primitive is available.
Package pdftexcmds Info: \pdf@ifprimitive is available.
Package pdftexcmds Info: \pdfdraftmode found.
))
(C:\Users\AsiaLapTop.Com\AppData\Local\Programs\MiKTeX\tex/latex/hycolor\hycolo
r.sty
Package: hycolor 2020-01-27 v1.10 Color options for hyperref/bookmark (HO)
)
(C:\Users\AsiaLapTop.Com\AppData\Local\Programs\MiKTeX\tex/latex/hyperref\namer
ef.sty
Package: nameref 2025-06-21 v2.57 Cross-referencing by name of section

(C:\Users\AsiaLapTop.Com\AppData\Local\Programs\MiKTeX\tex/latex/refcount\refco
unt.sty
Package: refcount 2019/12/15 v3.6 Data extraction from label references (HO)
)
(C:\Users\AsiaLapTop.Com\AppData\Local\Programs\MiKTeX\tex/generic/gettitlestri
ng\gettitlestring.sty
Package: gettitlestring 2019/12/15 v1.6 Cleanup title references (HO)

(C:\Users\AsiaLapTop.Com\AppData\Local\Programs\MiKTeX\tex/latex/kvoptions\kvop
tions.sty
Package: kvoptions 2022-06-15 v3.15 Key value format for package options (HO)
))
\c@section@level=\count310
)
(C:\Users\AsiaLapTop.Com\AppData\Local\Programs\MiKTeX\tex/generic/stringenc\st
ringenc.sty
Package: stringenc 2019/11/29 v1.12 Convert strings between diff. encodings (HO
)
)
\@linkdim=\dimen185
\Hy@linkcounter=\count311
\Hy@pagecounter=\count312

(C:\Users\AsiaLapTop.Com\AppData\Local\Programs\MiKTeX\tex/latex/hyperref\pd1en
c.def
File: pd1enc.def 2025-07-12 v7.01o Hyperref: PDFDocEncoding definition (HO)
Now handling font encoding PD1 ...
... no UTF-8 mapping file for font encoding PD1
)
(C:\Users\AsiaLapTop.Com\AppData\Local\Programs\MiKTeX\tex/generic/intcalc\intc
alc.sty
Package: intcalc 2019/12/15 v1.3 Expandable calculations with integers (HO)
)
\Hy@SavedSpaceFactor=\count313

(C:\Users\AsiaLapTop.Com\AppData\Local\Programs\MiKTeX\tex/latex/hyperref\puenc
.def
File: puenc.def 2025-07-12 v7.01o Hyperref: PDF Unicode definition (HO)
Now handling font encoding PU ...
... no UTF-8 mapping file for font encoding PU

(C:\Users\AsiaLapTop.Com\AppData\Local\Programs\MiKTeX\tex/latex/greek-fontenc\
puenc-greek.def
File: puenc-greek.def 2023-09-12 2.5 Greek LICRs for PDF strings

(C:\Users\AsiaLapTop.Com\AppData\Local\Programs\MiKTeX\tex/latex/greek-fontenc\
greek-fontenc.def
File: greek-fontenc.def 2023-09-12 2.5 Common Greek font encoding definitions
)
LaTeX Encoding Info:    Redeclaring text command \textmu (encoding PU) on input
 line 179.
)
LaTeX Encoding Info:    Redeclaring text command \textohm (encoding PU) on inpu
t line 1176.
)
Package hyperref Info: Hyper figures OFF on input line 4195.
Package hyperref Info: Link nesting OFF on input line 4200.
Package hyperref Info: Hyper index ON on input line 4203.
Package hyperref Info: Plain pages OFF on input line 4210.
Package hyperref Info: Backreferencing OFF on input line 4215.
Package hyperref Info: Implicit mode ON; LaTeX internals redefined.
Package hyperref Info: Bookmarks ON on input line 4462.
\c@Hy@tempcnt=\count314

(C:\Users\AsiaLapTop.Com\AppData\Local\Programs\MiKTeX\tex/latex/url\url.sty
\Urlmuskip=\muskip18
Package: url 2013/09/16  ver 3.4  Verb mode for urls, etc.
)
LaTeX Info: Redefining \url on input line 4801.
\XeTeXLinkMargin=\dimen186

(C:\Users\AsiaLapTop.Com\AppData\Local\Programs\MiKTeX\tex/generic/bitset\bitse
t.sty
Package: bitset 2019/12/09 v1.3 Handle bit-vector datatype (HO)

(C:\Users\AsiaLapTop.Com\AppData\Local\Programs\MiKTeX\tex/generic/bigintcalc\b
igintcalc.sty
Package: bigintcalc 2019/12/15 v1.5 Expandable calculations on big integers (HO
)
))
\Fld@menulength=\count315
\Field@Width=\dimen187
\Fld@charsize=\dimen188
Package hyperref Info: Hyper figures OFF on input line 6078.
Package hyperref Info: Link nesting OFF on input line 6083.
Package hyperref Info: Hyper index ON on input line 6086.
Package hyperref Info: backreferencing OFF on input line 6093.
Package hyperref Info: Link coloring OFF on input line 6098.
Package hyperref Info: Link coloring with OCG OFF on input line 6103.
Package hyperref Info: PDF/A mode OFF on input line 6108.
\Hy@abspage=\count316
\c@Item=\count317
\c@Hfootnote=\count318
)
Package hyperref Info: Driver (autodetected): hpdftex.

(C:\Users\AsiaLapTop.Com\AppData\Local\Programs\MiKTeX\tex/latex/hyperref\hpdft
ex.def
File: hpdftex.def 2025-07-12 v7.01o Hyperref driver for pdfTeX
\Fld@listcount=\count319
\c@bookmark@seq@number=\count320

(C:\Users\AsiaLapTop.Com\AppData\Local\Programs\MiKTeX\tex/latex/rerunfilecheck
\rerunfilecheck.sty
Package: rerunfilecheck 2025-06-21 v1.11 Rerun checks for auxiliary files (HO)

(C:\Users\AsiaLapTop.Com\AppData\Local\Programs\MiKTeX\tex/generic/uniquecounte
r\uniquecounter.sty
Package: uniquecounter 2019/12/15 v1.4 Provide unlimited unique counter (HO)
)
Package uniquecounter Info: New unique counter `rerunfilecheck' on input line 2
84.
)
\Hy@SectionHShift=\skip64
)
Package hyperref Info: Option `colorlinks' set `true' on input line 46.

(C:\Users\AsiaLapTop.Com\AppData\Local\Programs\MiKTeX\tex/latex/l3backend\l3ba
ckend-pdftex.def
File: l3backend-pdftex.def 2025-10-09 L3 backend support: PDF output (pdfTeX)
\l__color_backend_stack_int=\count321
) (document.aux)
\openout1 = `document.aux'.

LaTeX Font Info:    Checking defaults for OML/cmm/m/it on input line 53.
LaTeX Font Info:    ... okay on input line 53.
LaTeX Font Info:    Checking defaults for OMS/cmsy/m/n on input line 53.
LaTeX Font Info:    ... okay on input line 53.
LaTeX Font Info:    Checking defaults for OT1/cmr/m/n on input line 53.
LaTeX Font Info:    ... okay on input line 53.
LaTeX Font Info:    Checking defaults for T1/cmr/m/n on input line 53.
LaTeX Font Info:    ... okay on input line 53.
LaTeX Font Info:    Checking defaults for TS1/cmr/m/n on input line 53.
LaTeX Font Info:    ... okay on input line 53.
LaTeX Font Info:    Checking defaults for OMX/cmex/m/n on input line 53.
LaTeX Font Info:    ... okay on input line 53.
LaTeX Font Info:    Checking defaults for U/cmr/m/n on input line 53.
LaTeX Font Info:    ... okay on input line 53.
LaTeX Font Info:    Checking defaults for LGR/cmr/m/n on input line 53.
LaTeX Font Info:    Trying to load font information for LGR+cmr on input line 5
3.

(C:\Users\AsiaLapTop.Com\AppData\Local\Programs\MiKTeX\tex/latex/cbfonts-fd\lgr
cmr.fd
File: lgrcmr.fd 2017/07/29 v1.2 Greek European Computer Regular
)
LaTeX Font Info:    ... okay on input line 53.
LaTeX Font Info:    Checking defaults for PD1/pdf/m/n on input line 53.
LaTeX Font Info:    ... okay on input line 53.
LaTeX Font Info:    Checking defaults for PU/pdf/m/n on input line 53.
LaTeX Font Info:    ... okay on input line 53.

*geometry* driver: auto-detecting
*geometry* detected driver: pdftex
*geometry* verbose mode - [ preamble ] result:
* driver: pdftex
* paper: a4paper
* layout: <same size as paper>
* layoutoffset:(h,v)=(0.0pt,0.0pt)
* modes: 
* h-part:(L,W,R)=(72.26999pt, 452.9679pt, 72.26999pt)
* v-part:(T,H,B)=(72.26999pt, 700.50687pt, 72.26999pt)
* \paperwidth=597.50787pt
* \paperheight=845.04684pt
* \textwidth=452.9679pt
* \textheight=700.50687pt
* \oddsidemargin=0.0pt
* \evensidemargin=0.0pt
* \topmargin=-37.0pt
* \headheight=12.0pt
* \headsep=25.0pt
* \topskip=12.0pt
* \footskip=30.0pt
* \marginparwidth=44.0pt
* \marginparsep=10.0pt
* \columnsep=10.0pt
* \skip\footins=10.8pt plus 4.0pt minus 2.0pt
* \hoffset=0.0pt
* \voffset=0.0pt
* \mag=1000
* \@twocolumnfalse
* \@twosidefalse
* \@mparswitchfalse
* \@reversemarginfalse
* (1in=72.27pt=25.4mm, 1cm=28.453pt)


(C:\Users\AsiaLapTop.Com\AppData\Local\Programs\MiKTeX\tex/context/base/mkii\su
pp-pdf.mkii
[Loading MPS to PDF converter (version 2006.09.02).]
\scratchcounter=\count322
\scratchdimen=\dimen189
\scratchbox=\box60
\nofMPsegments=\count323
\nofMParguments=\count324
\everyMPshowfont=\toks33
\MPscratchCnt=\count325
\MPscratchDim=\dimen190
\MPnumerator=\count326
\makeMPintoPDFobject=\count327
\everyMPtoPDFconversion=\toks34
)
(C:\Users\AsiaLapTop.Com\AppData\Local\Programs\MiKTeX\tex/latex/epstopdf-pkg\e
pstopdf-base.sty
Package: epstopdf-base 2020-01-24 v2.11 Base part for package epstopdf
Package epstopdf-base Info: Redefining graphics rule for `.eps' on input line 4
85.

(C:\Users\AsiaLapTop.Com\AppData\Local\Programs\MiKTeX\tex/latex/00miktex\epsto
pdf-sys.cfg
File: epstopdf-sys.cfg 2021/03/18 v2.0 Configuration of epstopdf for MiKTeX
))
Package caption Info: Begin \AtBeginDocument code.
Package caption Info: hyperref package is loaded.
Package caption Info: End \AtBeginDocument code.
Package hyperref Info: Link coloring ON on input line 53.
 (document.out) (document.out)
\@outlinefile=\write3
\openout3 = `document.out'.

<logo.png, id=235, 602.25pt x 602.25pt>
File: logo.png Graphic file (type png)
<use logo.png>
Package pdftex.def Info: logo.png  used on input line 64.
(pdftex.def)             Requested size: 90.5922pt x 90.5909pt.
 [1

{C:/Users/AsiaLapTop.Com/AppData/Local/MiKTeX/fonts/map/pdftex/pdftex.map} <./l
ogo.png>]
Underfull \hbox (badness 10000) in paragraph at lines 105--106

 []


Underfull \hbox (badness 10000) in paragraph at lines 107--108

 []


Underfull \hbox (badness 10000) in paragraph at lines 109--110

 []


Underfull \hbox (badness 10000) in paragraph at lines 111--112

 []


pdfTeX warning (ext4): destination with the same identifier (name{page.1}) has 
been already used, duplicate ignored
<to be read again> 
                   \relax 
l.114 	\newpage
                [1

] (document.toc [1

])
\tf@toc=\write4
\openout4 = `document.toc'.

 [2] (document.lof [3

] [4] [5] [6]
[7] [8])
\tf@lof=\write5
\openout5 = `document.lof'.

 [9]
Chapter 1.

pdfTeX warning (ext4): destination with the same identifier (name{page.1}) has 
been already used, duplicate ignored
<to be read again> 
                   \relax 
l.155 	
        [1

]
<fig1.1.png, id=684, 1284.8pt x 661.47125pt>
File: fig1.1.png Graphic file (type png)
<use fig1.1.png>
Package pdftex.def Info: fig1.1.png  used on input line 163.
(pdftex.def)             Requested size: 362.37569pt x 186.56317pt.


LaTeX Warning: Reference `Types of brain oscillations at different frequency ra
nges' on page 2 undefined on input line 170.

<fig1.2.png, id=687, 240.56541pt x 166.6225pt>
File: fig1.2.png Graphic file (type png)
<use fig1.2.png>
Package pdftex.def Info: fig1.2.png  used on input line 173.
(pdftex.def)             Requested size: 362.37569pt x 250.99332pt.
[2 <./fig1.1.png>] [3 <./fig1.2.png>]
Overfull \hbox (0.55196pt too wide) in paragraph at lines 200--201
[]\OT1/cmr/m/n/12 In ad-di-tion, sharp-wave rip-ples (SPW-Rs) ex-hibit sev-eral
 dis-tinc-tive char-ac-ter-is-tics. First,
 []

[4]
<fig3.1left.png, id=741, 2015.53pt x 1100.11pt>
File: fig3.1left.png Graphic file (type png)
<use fig3.1left.png>
Package pdftex.def Info: fig3.1left.png  used on input line 215.
(pdftex.def)             Requested size: 217.42265pt x 118.66238pt.
<fig3.1r.jpeg, id=742, 275.0275pt x 184.69pt>
File: fig3.1r.jpeg Graphic file (type jpg)
<use fig3.1r.jpeg>
Package pdftex.def Info: fig3.1r.jpeg  used on input line 220.
(pdftex.def)             Requested size: 217.42265pt x 146.01057pt.
<fig1.4.png, id=751, 694.09312pt x 370.38374pt>
File: fig1.4.png Graphic file (type png)
<use fig1.4.png>
Package pdftex.def Info: fig1.4.png  used on input line 235.
(pdftex.def)             Requested size: 362.37569pt x 193.37491pt.
 [5 <./fig3.1left.png> <./fig3.1r.jpeg>]
<fig1.5.png, id=769, 1437.37pt x 1083.04625pt>
File: fig1.5.png Graphic file (type png)
<use fig1.5.png>
Package pdftex.def Info: fig1.5.png  used on input line 254.
(pdftex.def)             Requested size: 362.37569pt x 273.04147pt.
 [6 <./fig1.4.png>]
<fig1.6.png, id=779, 977.6525pt x 735.74875pt>
File: fig1.6.png Graphic file (type png)
<use fig1.6.png>
Package pdftex.def Info: fig1.6.png  used on input line 261.
(pdftex.def)             Requested size: 362.37569pt x 272.71674pt.
 [7 <./fig1.5.png> <./fig1.6.png>]
Chapter 2.

Overfull \hbox (4.8678pt too wide) in paragraph at lines 271--271
|[]\OT1/cmr/bx/n/17.28 Global and Lo-cal Events and Co-occurring Events| 
 []

<fig2.1.png, id=790, 733.23938pt x 415.5525pt>
File: fig2.1.png Graphic file (type png)
<use fig2.1.png>
Package pdftex.def Info: fig2.1.png  used on input line 279.
(pdftex.def)             Requested size: 362.37569pt x 205.37256pt.
[8

]
<fig2.2.png, id=798, 750.55406pt x 449.42906pt>
File: fig2.2.png Graphic file (type png)
<use fig2.2.png>
Package pdftex.def Info: fig2.2.png  used on input line 288.
(pdftex.def)             Requested size: 362.37569pt x 216.99217pt.
<fig2.3.png, id=801, 544.28343pt x 229.60782pt>
File: fig2.3.png Graphic file (type png)
<use fig2.3.png>
Package pdftex.def Info: fig2.3.png  used on input line 297.
(pdftex.def)             Requested size: 362.37569pt x 152.86946pt.
 [9 <./fig2.1.png> <./fig2.2.png>]
<fig2.4.png, id=811, 949.5475pt x 685.56125pt>
File: fig2.4.png Graphic file (type png)
<use fig2.4.png>
Package pdftex.def Info: fig2.4.png  used on input line 304.
(pdftex.def)             Requested size: 362.37569pt x 261.62482pt.

Overfull \hbox (2.59265pt too wide) in paragraph at lines 301--307
[]\OT1/cmr/m/n/12 MakMcCully and col-leagues showed in 2016, based on record-in
gs ob-tained from humans[[]],
 []

<fig2.5.jpg, id=815, 498.663pt x 308.352pt>
File: fig2.5.jpg Graphic file (type jpg)
<use fig2.5.jpg>
Package pdftex.def Info: fig2.5.jpg  used on input line 312.
(pdftex.def)             Requested size: 362.37569pt x 224.07878pt.
[10 <./fig2.3.png> <./fig2.4.png>]
<fig2.6.png, id=827, 132.495pt x 111.7776pt>
File: fig2.6.png Graphic file (type png)
<use fig2.6.png>
Package pdftex.def Info: fig2.6.png  used on input line 322.
(pdftex.def)             Requested size: 362.37569pt x 305.77242pt.
 [11 <./fig2.5.jpg>]
<fig2.8.png, id=833, 430.2474pt x 153.2124pt>
File: fig2.8.png Graphic file (type png)
<use fig2.8.png>
Package pdftex.def Info: fig2.8.png  used on input line 329.
(pdftex.def)             Requested size: 362.37569pt x 129.05052pt.
<fig2.7.png, id=835, 162.3666pt x 199.4652pt>
File: fig2.7.png Graphic file (type png)
<use fig2.7.png>
Package pdftex.def Info: fig2.7.png  used on input line 336.
(pdftex.def)             Requested size: 362.37569pt x 445.23459pt.
 [12 <./fig2.6.png> <./fig2.8.png>]
<fig2.9.png, id=845, 430.2474pt x 349.305pt>
File: fig2.9.png Graphic file (type png)
<use fig2.9.png>
Package pdftex.def Info: fig2.9.png  used on input line 345.
(pdftex.def)             Requested size: 362.37569pt x 294.21901pt.
 [13 <./fig2.7.png>]
<fig2.10.png, id=855, 330.5148pt x 86.724pt>
File: fig2.10.png Graphic file (type png)
<use fig2.10.png>
Package pdftex.def Info: fig2.10.png  used on input line 354.
(pdftex.def)             Requested size: 362.37569pt x 95.08702pt.
 [14 <./fig2.9.png>]
<fig2.11.png, id=867, 247.1634pt x 211.0284pt>
File: fig2.11.png Graphic file (type png)
<use fig2.11.png>
Package pdftex.def Info: fig2.11.png  used on input line 363.
(pdftex.def)             Requested size: 362.37569pt x 309.403pt.
<fig2.12.png, id=870, 455.7828pt x 105.5142pt>
File: fig2.12.png Graphic file (type png)
<use fig2.12.png>
Package pdftex.def Info: fig2.12.png  used on input line 370.
(pdftex.def)             Requested size: 362.37569pt x 83.88983pt.
 [15 <./fig2.10.png> <./fig2.11.png>]
<fig2.13.png, id=890, 666.3294pt x 468.3096pt>
File: fig2.13.png Graphic file (type png)
<use fig2.13.png>
Package pdftex.def Info: fig2.13.png  used on input line 382.
(pdftex.def)             Requested size: 362.37569pt x 254.68416pt.
<fig2.14.png, id=892, 205.7286pt x 142.131pt>
File: fig2.14.png Graphic file (type png)
<use fig2.14.png>
Package pdftex.def Info: fig2.14.png  used on input line 388.
(pdftex.def)             Requested size: 362.37569pt x 250.36383pt.
 [16 <./fig2.12.png>]
<fig2.15.png, id=906, 667.293pt x 476.982pt>
File: fig2.15.png Graphic file (type png)
<use fig2.15.png>
Package pdftex.def Info: fig2.15.png  used on input line 394.
(pdftex.def)             Requested size: 362.37569pt x 259.02934pt.
<fig2.16.png, id=908, 636.9396pt x 246.1998pt>
File: fig2.16.png Graphic file (type png)
<use fig2.16.png>
Package pdftex.def Info: fig2.16.png  used on input line 400.
(pdftex.def)             Requested size: 362.37569pt x 140.0686pt.
 [17 <./fig2.13.png> <./fig2.14.png>] [18 <./fig2.15.png> <./fig2.16.png>]
<fig2.17.png, id=928, 665.8476pt x 668.7384pt>
File: fig2.17.png Graphic file (type png)
<use fig2.17.png>
Package pdftex.def Info: fig2.17.png  used on input line 411.
(pdftex.def)             Requested size: 362.37569pt x 363.9501pt.
<fig2.18.png, id=930, 697.6464pt x 301.6068pt>
File: fig2.18.png Graphic file (type png)
<use fig2.18.png>
Package pdftex.def Info: fig2.18.png  used on input line 417.
(pdftex.def)             Requested size: 362.37569pt x 156.66615pt.
 [19 <./fig2.17.png>]
<fig2.19.png, id=941, 192.84045pt x 91.3011pt>
File: fig2.19.png Graphic file (type png)
<use fig2.19.png>
Package pdftex.def Info: fig2.19.png  used on input line 424.
(pdftex.def)             Requested size: 362.37569pt x 171.59175pt.
 [20 <./fig2.18.png> <./fig2.19.png>]
<fig2.20.png, id=955, 963.6pt x 429.10312pt>
File: fig2.20.png Graphic file (type png)
<use fig2.20.png>
Package pdftex.def Info: fig2.20.png  used on input line 432.
(pdftex.def)             Requested size: 362.37569pt x 161.36505pt.
<fig2.21.png, id=962, 770.12718pt x 678.28406pt>
File: fig2.21.png Graphic file (type png)
<use fig2.21.png>
Package pdftex.def Info: fig2.21.png  used on input line 445.
(pdftex.def)             Requested size: 362.37569pt x 319.15579pt.
 [21 <./fig2.20.png>]
<fig2.22.png, id=975, 919.18407pt x 778.40813pt>
File: fig2.22.png Graphic file (type png)
<use fig2.22.png>
Package pdftex.def Info: fig2.22.png  used on input line 457.
(pdftex.def)             Requested size: 362.37569pt x 306.8799pt.
 [22 <./fig2.21.png>]
<fig2.24.png, id=982, 205.36725pt x 59.0205pt>
File: fig2.24.png Graphic file (type png)
<use fig2.24.png>
Package pdftex.def Info: fig2.24.png  used on input line 463.
(pdftex.def)             Requested size: 362.37569pt x 104.15462pt.
<fig2.23.png, id=984, 569.12625pt x 394.47375pt>
File: fig2.23.png Graphic file (type png)
<use fig2.23.png>
Package pdftex.def Info: fig2.23.png  used on input line 469.
(pdftex.def)             Requested size: 362.37569pt x 251.18025pt.
 [23 <./fig2.22.png> <./fig2.24.png>]
Underfull \hbox (badness 10000) in paragraph at lines 473--473
[][][][][]\OT1/cmr/m/n/10 https://media.springernature.com/original/springer-st
atic/esm/art%3A10.1038%2Fs41467-021-
 []

<fig2.25.png, id=1000, 632.3625pt x 395.67825pt>
File: fig2.25.png Graphic file (type png)
<use fig2.25.png>
Package pdftex.def Info: fig2.25.png  used on input line 479.
(pdftex.def)             Requested size: 362.37569pt x 226.74644pt.
[24 <./fig2.23.png>]
<fig2.26.png, id=1009, 417.9615pt x 287.27325pt>
File: fig2.26.png Graphic file (type png)
<use fig2.26.png>
Package pdftex.def Info: fig2.26.png  used on input line 485.
(pdftex.def)             Requested size: 362.37569pt x 249.07971pt.
<fig2.27.png, id=1011, 576.35326pt x 770.88pt>
File: fig2.27.png Graphic file (type png)
<use fig2.27.png>
Package pdftex.def Info: fig2.27.png  used on input line 491.
(pdftex.def)             Requested size: 362.37569pt x 484.68068pt.
 [25 <./fig2.25.png>] [26 <./fig2.26.png>] [27 <./fig2.27.png>]
Chapter 3.
<fig3.1.png, id=1034, 775.39688pt x 599.23875pt>
File: fig3.1.png Graphic file (type png)
<use fig3.1.png>
Package pdftex.def Info: fig3.1.png  used on input line 516.
(pdftex.def)             Requested size: 362.37569pt x 280.05125pt.
[28

] [29 <./fig3.1.png>] [30] [31] [32] [33] [34] [35]
Chapter 4.
<fig4.1.png, id=1096, 1204.5pt x 1224.07312pt>
File: fig4.1.png Graphic file (type png)
<use fig4.1.png>
Package pdftex.def Info: fig4.1.png  used on input line 664.
(pdftex.def)             Requested size: 362.37569pt x 368.27074pt.
<fig4.2.png, id=1097, 595.47469pt x 588.69937pt>
File: fig4.2.png Graphic file (type png)
<use fig4.2.png>
Package pdftex.def Info: fig4.2.png  used on input line 671.
(pdftex.def)             Requested size: 362.37569pt x 358.25272pt.
<fig4.3 top right .png, id=1098, 595.47469pt x 496.10344pt>
File: fig4.3 top right .png Graphic file (type png)
<use fig4.3 top right .png>
Package pdftex.def Info: fig4.3 top right .png  used on input line 682.
(pdftex.def)             Requested size: 206.55084pt x 172.07939pt.
<fig4.3 top left.png, id=1099, 485.56406pt x 418.56375pt>
File: fig4.3 top left.png Graphic file (type png)
<use fig4.3 top left.png>
Package pdftex.def Info: fig4.3 top left.png  used on input line 687.
(pdftex.def)             Requested size: 206.55084pt x 178.0501pt.
<fig4.3 center.png, id=1100, 588.69937pt x 438.8897pt>
File: fig4.3 center.png Graphic file (type png)
<use fig4.3 center.png>
Package pdftex.def Info: fig4.3 center.png  used on input line 695.
(pdftex.def)             Requested size: 317.07614pt x 236.38748pt.
<fig4.4.png, id=1102, 417.05812pt x 315.42844pt>
File: fig4.4.png Graphic file (type png)
<use fig4.4.png>
Package pdftex.def Info: fig4.4.png  used on input line 710.
(pdftex.def)             Requested size: 226.48395pt x 171.29623pt.
[36

] [37 <./fig4.1.png>] [38 <./fig4.2.png>] [39 <./fig4.3 top right .png> <./fig4
.3 top left.png> <./fig4.3 center.png>] [40 <./fig4.4.png>]
<fig4.5 top right.png, id=1137, 692.5875pt x 448.67625pt>
File: fig4.5 top right.png Graphic file (type png)
<use fig4.5 top right.png>
Package pdftex.def Info: fig4.5 top right.png  used on input line 735.
(pdftex.def)             Requested size: 217.42265pt x 140.84767pt.
<fig4.5 top left.png, id=1138, 410.2828pt x 315.42844pt>
File: fig4.5 top left.png Graphic file (type png)
<use fig4.5 top left.png>
Package pdftex.def Info: fig4.5 top left.png  used on input line 740.
(pdftex.def)             Requested size: 260.90651pt x 200.5836pt.

Overfull \hbox (43.48386pt too wide) in paragraph at lines 740--741
 [][]
 []

<fig4.5 center.png, id=1139, 421.575pt x 316.18124pt>
File: fig4.5 center.png Graphic file (type png)
<use fig4.5 center.png>
Package pdftex.def Info: fig4.5 center.png  used on input line 748.
(pdftex.def)             Requested size: 317.07614pt x 237.81078pt.
<fig4.6 left.png, id=1140, 595.47469pt x 588.69937pt>
File: fig4.6 left.png Graphic file (type png)
<use fig4.6 left.png>
Package pdftex.def Info: fig4.6 left.png  used on input line 760.
(pdftex.def)             Requested size: 217.42265pt x 214.94983pt.
<fig4.6 right.png, id=1141, 599.99156pt x 588.69937pt>
File: fig4.6 right.png Graphic file (type png)
<use fig4.6 right.png>
Package pdftex.def Info: fig4.6 right.png  used on input line 765.
(pdftex.def)             Requested size: 217.42265pt x 213.32394pt.
<fig4.7 left.png, id=1142, 421.575pt x 316.18124pt>
File: fig4.7 left.png Graphic file (type png)
<use fig4.7 left.png>
Package pdftex.def Info: fig4.7 left.png  used on input line 777.
(pdftex.def)             Requested size: 217.42265pt x 163.06914pt.
<fig4.7 right.png, id=1143, 421.575pt x 316.18124pt>
File: fig4.7 right.png Graphic file (type png)
<use fig4.7 right.png>
Package pdftex.def Info: fig4.7 right.png  used on input line 782.
(pdftex.def)             Requested size: 217.42265pt x 163.06914pt.
<fig4.8.png, id=1144, 791.20593pt x 825.0825pt>
File: fig4.8.png Graphic file (type png)
<use fig4.8.png>
Package pdftex.def Info: fig4.8.png  used on input line 791.
(pdftex.def)             Requested size: 452.9679pt x 472.36662pt.
<fig3.9.png, id=1147, 1204.5pt x 589.4522pt>
File: fig3.9.png Graphic file (type png)
<use fig3.9.png>
Package pdftex.def Info: fig3.9.png  used on input line 801.
(pdftex.def)             Requested size: 452.9679pt x 221.67363pt.
[41 <./fig4.5 top right.png> <./fig4.5 top left.png> <./fig4.5 center.png>]
[42 <./fig4.6 left.png> <./fig4.6 right.png> <./fig4.7 left.png> <./fig4.7 righ
t.png>] [43 <./fig4.8.png>]
<fig4.10 left.png, id=1168, 421.575pt x 316.18124pt>
File: fig4.10 left.png Graphic file (type png)
<use fig4.10 left.png>
Package pdftex.def Info: fig4.10 left.png  used on input line 811.
(pdftex.def)             Requested size: 217.42265pt x 163.06914pt.
<fig4.10 right.png, id=1169, 421.575pt x 316.18124pt>
File: fig4.10 right.png Graphic file (type png)
<use fig4.10 right.png>
Package pdftex.def Info: fig4.10 right.png  used on input line 816.
(pdftex.def)             Requested size: 217.42265pt x 163.06914pt.
<fig4.11.png, id=1172, 1204.5pt x 589.4522pt>
File: fig4.11.png Graphic file (type png)
<use fig4.11.png>
Package pdftex.def Info: fig4.11.png  used on input line 829.
(pdftex.def)             Requested size: 452.9679pt x 221.67363pt.
 [44 <./fig3.9.png> <./fig4.10 left.png> <./fig4.10 right.png>]
<fig4.12 right top.png, id=1181, 421.575pt x 316.18124pt>
File: fig4.12 right top.png Graphic file (type png)
<use fig4.12 right top.png>
Package pdftex.def Info: fig4.12 right top.png  used on input line 840.
(pdftex.def)             Requested size: 217.42265pt x 163.06914pt.
<fig4.12 left top.png, id=1182, 421.575pt x 316.18124pt>
File: fig4.12 left top.png Graphic file (type png)
<use fig4.12 left top.png>
Package pdftex.def Info: fig4.12 left top.png  used on input line 845.
(pdftex.def)             Requested size: 260.90651pt x 195.68297pt.

Overfull \hbox (43.48386pt too wide) in paragraph at lines 845--846
 [][]
 []

<fig4.12 center.png, id=1183, 548.80031pt x 433.62pt>
File: fig4.12 center.png Graphic file (type png)
<use fig4.12 center.png>
Package pdftex.def Info: fig4.12 center.png  used on input line 853.
(pdftex.def)             Requested size: 317.07614pt x 250.53377pt.
<fig3.13 right top.png, id=1185, 569.87906pt x 587.19376pt>
File: fig3.13 right top.png Graphic file (type png)
<use fig3.13 right top.png>
Package pdftex.def Info: fig3.13 right top.png  used on input line 869.
(pdftex.def)             Requested size: 217.42265pt x 224.02296pt.
<fig3.13 left top.png, id=1186, 589.4522pt x 587.19376pt>
File: fig3.13 left top.png Graphic file (type png)
<use fig3.13 left top.png>
Package pdftex.def Info: fig3.13 left top.png  used on input line 874.
(pdftex.def)             Requested size: 260.90651pt x 259.90714pt.

Overfull \hbox (43.48386pt too wide) in paragraph at lines 874--875
 [][]
 []

<fig3.13 center.png, id=1187, 421.575pt x 316.18124pt>
File: fig3.13 center.png Graphic file (type png)
<use fig3.13 center.png>
Package pdftex.def Info: fig3.13 center.png  used on input line 882.
(pdftex.def)             Requested size: 317.07614pt x 237.81078pt.
<fig4.14.png, id=1189, 918.43124pt x 448.67625pt>
File: fig4.14.png Graphic file (type png)
<use fig4.14.png>
Package pdftex.def Info: fig4.14.png  used on input line 895.
(pdftex.def)             Requested size: 452.9679pt x 221.291pt.
[45 <./fig4.11.png>] [46 <./fig4.12 right top.png> <./fig4.12 left top.png> <./
fig4.12 center.png>] [47 <./fig3.13 right top.png> <./fig3.13 left top.png> <./
fig3.13 center.png>]
<fig4.15 top left.png, id=1212, 421.575pt x 316.18124pt>
File: fig4.15 top left.png Graphic file (type png)
<use fig4.15 top left.png>
Package pdftex.def Info: fig4.15 top left.png  used on input line 909.
(pdftex.def)             Requested size: 217.42265pt x 163.06914pt.
<fig4.15 top right.png, id=1213, 421.575pt x 316.18124pt>
File: fig4.15 top right.png Graphic file (type png)
<use fig4.15 top right.png>
Package pdftex.def Info: fig4.15 top right.png  used on input line 914.
(pdftex.def)             Requested size: 260.90651pt x 195.68297pt.

Overfull \hbox (43.48386pt too wide) in paragraph at lines 914--915
 [][]
 []

<fig4.15 center.png, id=1214, 567.62062pt x 426.09187pt>
File: fig4.15 center.png Graphic file (type png)
<use fig4.15 center.png>
Package pdftex.def Info: fig4.15 center.png  used on input line 922.
(pdftex.def)             Requested size: 317.07614pt x 238.02466pt.
[48 <./fig4.14.png>] [49 <./fig4.15 top left.png> <./fig4.15 top right.png> <./
fig4.15 center.png>]
Chapter 5.
[50

] [51]

LaTeX Warning: Citation `r' on page 52 undefined on input line 966.

[52] [53] [54]
Chapter 6.

Overfull \hbox (15.95456pt too wide) in paragraph at lines 1047--1083
 [][] 
 []

[55

] [56] (document.bbl [57] [58

] [59] [60] [61]) [62] (document.aux)
 ***********
LaTeX2e <2025-11-01>
L3 programming layer <2025-12-24>
 ***********


LaTeX Warning: There were undefined references.

Package rerunfilecheck Info: File `document.out' has not changed.
(rerunfilecheck)             Checksum: 1243376FA88344C6446934C1908D050D;12511.
 ) 
Here is how much of TeX's memory you used:
 15292 strings out of 467871
 252164 string characters out of 5414020
 702201 words of memory out of 5000000
 43739 multiletter control sequences out of 15000+600000
 635728 words of font info for 67 fonts, out of 8000000 for 9000
 1141 hyphenation exceptions out of 8191
 75i,11n,117p,1247b,580s stack positions out of 10000i,1000n,20000p,200000b,200000s
 <C:\Users\AsiaLapTop.Com\AppData\Local\MiKTeX\fonts/pk/ljfour/jknappen/ec/dp
i600\tcti1095.pk> <C:\Users\AsiaLapTop.Com\AppData\Local\MiKTeX\fonts/pk/ljfour
/jknappen/ec/dpi600\tcrm1200.pk><C:/Users/AsiaLapTop.Com/AppData/Local/Programs
/MiKTeX/fonts/type1/public/amsfonts/cm/cmbx10.pfb><C:/Users/AsiaLapTop.Com/AppD
ata/Local/Programs/MiKTeX/fonts/type1/public/amsfonts/cm/cmbx12.pfb><C:/Users/A
siaLapTop.Com/AppData/Local/Programs/MiKTeX/fonts/type1/public/amsfonts/cm/cmex
10.pfb><C:/Users/AsiaLapTop.Com/AppData/Local/Programs/MiKTeX/fonts/type1/publi
c/amsfonts/cm/cmmi12.pfb><C:/Users/AsiaLapTop.Com/AppData/Local/Programs/MiKTeX
/fonts/type1/public/amsfonts/cm/cmmi6.pfb><C:/Users/AsiaLapTop.Com/AppData/Loca
l/Programs/MiKTeX/fonts/type1/public/amsfonts/cm/cmmi8.pfb><C:/Users/AsiaLapTop
.Com/AppData/Local/Programs/MiKTeX/fonts/type1/public/amsfonts/cm/cmr10.pfb><C:
/Users/AsiaLapTop.Com/AppData/Local/Programs/MiKTeX/fonts/type1/public/amsfonts
/cm/cmr12.pfb><C:/Users/AsiaLapTop.Com/AppData/Local/Programs/MiKTeX/fonts/type
1/public/amsfonts/cm/cmr17.pfb><C:/Users/AsiaLapTop.Com/AppData/Local/Programs/
MiKTeX/fonts/type1/public/amsfonts/cm/cmr7.pfb><C:/Users/AsiaLapTop.Com/AppData
/Local/Programs/MiKTeX/fonts/type1/public/amsfonts/cm/cmr8.pfb><C:/Users/AsiaLa
pTop.Com/AppData/Local/Programs/MiKTeX/fonts/type1/public/amsfonts/cm/cmsy10.pf
b><C:/Users/AsiaLapTop.Com/AppData/Local/Programs/MiKTeX/fonts/type1/public/ams
fonts/cm/cmsy8.pfb><C:/Users/AsiaLapTop.Com/AppData/Local/Programs/MiKTeX/fonts
/type1/public/amsfonts/cm/cmti10.pfb><C:/Users/AsiaLapTop.Com/AppData/Local/Pro
grams/MiKTeX/fonts/type1/public/amsfonts/cm/cmti12.pfb>
Output written on document.pdf (73 pages, 18619180 bytes).
PDF statistics:
 1460 PDF objects out of 1728 (max. 8388607)
 246 named destinations out of 1000 (max. 500000)
 785 words of extra memory for PDF output out of 10000 (max. 10000000)

